Testing Ollama Service...
OLLAMA_MODEL from env: llama3:latest
python : Traceback (most recent call last):
At line:1 char:1
+ python test_rules_simple.py > test_output.txt 2>&1; Get-Content test_ ...
+ ~~~~~~~~~~~~~~~~~~~~~~~~~~~~~~~~~~~~~~~~~~~~~~~~~~
    + CategoryInfo          : NotSpecified: (Traceback (most recent call last)::String) [], RemoteException
    + FullyQualifiedErrorId : NativeCommandError
 
  File "C:\Users\mpriy\OneDrive\Desktop\Project\ai-health-assistant\backend\test_rules_simple.py", line 14, in <module>
    ollama = OllamaService()
  File "C:\Users\mpriy\OneDrive\Desktop\Project\ai-health-assistant\backend\ai_module\ollama_service.py", line 39, in __init__
    print(f"\u2705 Ollama Service initialized: {self.model} model, {self.timeout}s timeout, {self.num_predict} tokens max")
    ~~~~~^^^^^^^^^^^^^^^^^^^^^^^^^^^^^^^^^^^^^^^^^^^^^^^^^^^^^^^^^^^^^^^^^^^^^^^^^^^^^^^^^^^^^^^^^^^^^^^^^^^^^^^^^^^^^^
  File "C:\Python313\Lib\encodings\cp1252.py", line 19, in encode
    return codecs.charmap_encode(input,self.errors,encoding_table)[0]
           ~~~~~~~~~~~~~~~~~~~~~^^^^^^^^^^^^^^^^^^^^^^^^^^^^^^^^^^
UnicodeEncodeError: 'charmap' codec can't encode character '\u2705' in position 0: character maps to <undefined>
